Executing 2 tests:
AssertFalse...%RED%
    Failed asserting that 1 is False.%RED%
    Test detail: lol%RED%
AssertTrue...%RED%
    Failed asserting that 0 is True.%RED%

0 of 2 tests passed.%BOLD_RED%
The following tests failed:
    AssertFalse%RED%
    AssertTrue%RED%
