Executing: ExampleTest1
Executing: ExampleTest2
Executing: ExampleTest3
