Tests did not execute properly, with error:
    Duplicate test name: TestOne
