Executing 6 tests:
NoPrintTest...OK%GREEN%
NoPrintTest2...OK%GREEN%
PrintTest...OK%GREEN%
------Test Stdout-------%YELLOW%
5 six seven

------------------------%YELLOW%
PrintTest2...OK%GREEN%
------Test Stdout-------%YELLOW%
test2
abcdefghijklmnopqrstuvwxyz
------------------------%YELLOW%
------Test Stderr-------%YELLOW%
This is error text
------------------------%YELLOW%
NoPrintTest3...%RED%
    failed with exception: Assertion failure.%RED%
PrintTest3...%RED%
    failed with exception: Assertion failure.%RED%
------Test Stdout-------%YELLOW%
Third print test

------------------------%YELLOW%

4 of 6 tests passed.%BOLD_YELLOW%
The following tests failed:
    NoPrintTest3%RED%
    PrintTest3%RED%
